{"t":"2026-09-18T05:59:23.611Z","turn":1,"claimed":0,"entering":1,"picked":"user","pickedText":"@src/views/login/index.vue 登录页加个忘记密码按钮","event":"inject","level":1,"fastTrack":true,"noticeChars":245}
{"t":"2026-09-18T05:59:23.613Z","turn":1,"claimed":0,"entering":1,"picked":"user","pickedText":"登录页加个按钮","event":"inject","level":2,"fastTrack":false,"noticeChars":279}
{"t":"2026-09-18T05:59:23.616Z","turn":1,"claimed":0,"entering":1,"picked":"user","pickedText":"你好，今天几号？","event":"empty-notice","level":2,"charLen":8}
{"t":"2026-09-18T05:59:23.617Z","turn":7,"claimed":0,"entering":1,"picked":"user","pickedText":"登录页加个忘记密码按钮","event":"inject","level":1,"fastTrack":true,"noticeChars":245}
{"t":"2026-09-18T05:59:23.619Z","turn":7,"claimed":0,"entering":2,"picked":"user","pickedText":"登录页加个忘记密码按钮","event":"duplicate-skip"}
{"t":"2026-09-18T05:59:23.619Z","turn":8,"claimed":0,"entering":2,"picked":"user","pickedText":"登录页加个忘记密码按钮","event":"inject","level":1,"fastTrack":true,"noticeChars":245}
{"t":"2026-09-18T05:59:23.621Z","event":"passthrough-reject"}
{"t":"2026-09-18T05:59:23.621Z","turn":1,"claimed":0,"entering":0,"picked":null,"pickedText":null,"event":"no-requirement"}
{"t":"2026-09-18T05:59:23.621Z","turn":1,"claimed":0,"entering":3,"picked":null,"pickedText":null,"event":"no-requirement"}
{"t":"2026-09-18T05:59:23.622Z","turn":1,"claimed":0,"entering":1,"picked":null,"pickedText":null,"event":"no-requirement"}
{"t":"2026-09-18T06:00:00.834Z","turn":1,"claimed":0,"entering":1,"picked":"user","pickedText":"@src/views/login/index.vue 登录页加个忘记密码按钮","event":"inject","level":1,"fastTrack":true,"noticeChars":245}
{"t":"2026-09-18T06:00:00.835Z","turn":1,"claimed":0,"entering":1,"picked":"user","pickedText":"登录页加个按钮","event":"inject","level":2,"fastTrack":false,"noticeChars":279}
{"t":"2026-09-18T06:00:00.836Z","turn":1,"claimed":0,"entering":1,"picked":"user","pickedText":"你好，今天几号？","event":"empty-notice","level":2,"charLen":8}
{"t":"2026-09-18T06:00:00.837Z","turn":7,"claimed":0,"entering":1,"picked":"user","pickedText":"登录页加个忘记密码按钮","event":"inject","level":1,"fastTrack":true,"noticeChars":245}
{"t":"2026-09-18T06:00:00.837Z","turn":7,"claimed":0,"entering":2,"picked":"user","pickedText":"登录页加个忘记密码按钮","event":"duplicate-skip"}
{"t":"2026-09-18T06:00:00.838Z","turn":8,"claimed":0,"entering":2,"picked":"user","pickedText":"登录页加个忘记密码按钮","event":"inject","level":1,"fastTrack":true,"noticeChars":245}
{"t":"2026-09-18T06:00:00.839Z","event":"passthrough-reject"}
{"t":"2026-09-18T06:00:00.839Z","turn":1,"claimed":0,"entering":0,"picked":null,"pickedText":null,"event":"no-requirement"}
{"t":"2026-09-18T06:00:00.839Z","turn":1,"claimed":0,"entering":3,"picked":null,"pickedText":null,"event":"no-requirement"}
{"t":"2026-09-18T06:00:00.840Z","turn":1,"claimed":0,"entering":1,"picked":null,"pickedText":null,"event":"no-requirement"}
{"t":"2026-09-18T06:00:00.841Z","turn":1,"step":1,"claimed":1,"entering":2,"picked":"user","pickedText":"直接做：只回我一句「OK」，别改任何文件","event":"inject","level":1,"fastTrack":true,"noticeChars":245}
{"t":"2026-09-18T06:00:00.842Z","turn":1,"step":4,"claimed":0,"entering":1,"picked":null,"pickedText":null,"event":"no-requirement"}
{"t":"2026-09-18T06:00:10.829Z","turn":1,"claimed":0,"entering":1,"picked":"user","pickedText":"@src/views/login/index.vue 登录页加个忘记密码按钮","event":"inject","level":1,"fastTrack":true,"noticeChars":245}
{"t":"2026-09-18T06:00:10.830Z","turn":1,"claimed":0,"entering":1,"picked":"user","pickedText":"登录页加个按钮","event":"inject","level":2,"fastTrack":false,"noticeChars":279}
{"t":"2026-09-18T06:00:10.831Z","turn":1,"claimed":0,"entering":1,"picked":"user","pickedText":"你好，今天几号？","event":"empty-notice","level":2,"charLen":8}
{"t":"2026-09-18T06:00:10.832Z","turn":7,"claimed":0,"entering":1,"picked":"user","pickedText":"登录页加个忘记密码按钮","event":"inject","level":1,"fastTrack":true,"noticeChars":245}
{"t":"2026-09-18T06:00:10.832Z","turn":7,"claimed":0,"entering":2,"picked":"user","pickedText":"登录页加个忘记密码按钮","event":"duplicate-skip"}
{"t":"2026-09-18T06:00:10.833Z","turn":8,"claimed":0,"entering":2,"picked":"user","pickedText":"登录页加个忘记密码按钮","event":"inject","level":1,"fastTrack":true,"noticeChars":245}
{"t":"2026-09-18T06:00:10.834Z","event":"passthrough-reject"}
{"t":"2026-09-18T06:00:10.834Z","turn":1,"claimed":0,"entering":0,"picked":null,"pickedText":null,"event":"no-requirement"}
{"t":"2026-09-18T06:00:10.834Z","turn":1,"claimed":0,"entering":3,"picked":null,"pickedText":null,"event":"no-requirement"}
{"t":"2026-09-18T06:00:10.834Z","turn":1,"claimed":0,"entering":1,"picked":null,"pickedText":null,"event":"no-requirement"}
{"t":"2026-09-18T06:00:10.835Z","turn":1,"step":1,"claimed":1,"entering":2,"picked":"user","pickedText":"直接做：只回我一句「OK」，别改任何文件","event":"inject","level":1,"fastTrack":true,"noticeChars":245}
{"t":"2026-09-18T06:00:10.836Z","turn":1,"step":4,"claimed":0,"entering":1,"picked":null,"pickedText":null,"event":"no-requirement"}
{"t":"2026-09-18T06:00:14.902Z","turn":1,"claimed":0,"entering":1,"picked":"user","pickedText":"@src/views/login/index.vue 登录页加个忘记密码按钮","event":"inject","level":1,"fastTrack":true,"noticeChars":245}
{"t":"2026-09-18T06:00:14.903Z","turn":1,"claimed":0,"entering":1,"picked":"user","pickedText":"登录页加个按钮","event":"inject","level":2,"fastTrack":false,"noticeChars":279}
{"t":"2026-09-18T06:00:14.904Z","turn":1,"claimed":0,"entering":1,"picked":"user","pickedText":"你好，今天几号？","event":"empty-notice","level":2,"charLen":8}
{"t":"2026-09-18T06:00:14.906Z","turn":7,"claimed":0,"entering":1,"picked":"user","pickedText":"登录页加个忘记密码按钮","event":"inject","level":1,"fastTrack":true,"noticeChars":245}
{"t":"2026-09-18T06:00:14.906Z","turn":7,"claimed":0,"entering":2,"picked":"user","pickedText":"登录页加个忘记密码按钮","event":"duplicate-skip"}
{"t":"2026-09-18T06:00:14.906Z","turn":8,"claimed":0,"entering":2,"picked":"user","pickedText":"登录页加个忘记密码按钮","event":"inject","level":1,"fastTrack":true,"noticeChars":245}
{"t":"2026-09-18T06:00:14.907Z","event":"passthrough-reject"}
{"t":"2026-09-18T06:00:14.907Z","turn":1,"claimed":0,"entering":0,"picked":null,"pickedText":null,"event":"no-requirement"}
{"t":"2026-09-18T06:00:14.908Z","turn":1,"claimed":0,"entering":3,"picked":null,"pickedText":null,"event":"no-requirement"}
{"t":"2026-09-18T06:00:14.908Z","turn":1,"claimed":0,"entering":1,"picked":null,"pickedText":null,"event":"no-requirement"}
{"t":"2026-09-18T06:00:14.909Z","turn":1,"step":1,"claimed":1,"entering":2,"picked":"user","pickedText":"直接做：只回我一句「OK」，别改任何文件","event":"inject","level":1,"fastTrack":true,"noticeChars":245}
{"t":"2026-09-18T06:00:14.910Z","turn":1,"step":4,"claimed":0,"entering":1,"picked":null,"pickedText":null,"event":"no-requirement"}
{"t":"2026-09-18T06:00:25.559Z","turn":1,"claimed":0,"entering":1,"picked":"user","pickedText":"@src/views/login/index.vue 登录页加个忘记密码按钮","event":"inject","level":1,"fastTrack":true,"noticeChars":245}
{"t":"2026-09-18T06:00:25.560Z","turn":1,"claimed":0,"entering":1,"picked":"user","pickedText":"登录页加个按钮","event":"inject","level":2,"fastTrack":false,"noticeChars":279}
{"t":"2026-09-18T06:00:25.561Z","turn":1,"claimed":0,"entering":1,"picked":"user","pickedText":"你好，今天几号？","event":"empty-notice","level":2,"charLen":8}
{"t":"2026-09-18T06:00:25.562Z","turn":7,"claimed":0,"entering":1,"picked":"user","pickedText":"登录页加个忘记密码按钮","event":"inject","level":1,"fastTrack":true,"noticeChars":245}
{"t":"2026-09-18T06:00:25.563Z","turn":7,"claimed":0,"entering":2,"picked":"user","pickedText":"登录页加个忘记密码按钮","event":"duplicate-skip"}
{"t":"2026-09-18T06:00:25.563Z","turn":8,"claimed":0,"entering":2,"picked":"user","pickedText":"登录页加个忘记密码按钮","event":"inject","level":1,"fastTrack":true,"noticeChars":245}
{"t":"2026-09-18T06:00:25.564Z","event":"passthrough-reject"}
{"t":"2026-09-18T06:00:25.564Z","turn":1,"claimed":0,"entering":0,"picked":null,"pickedText":null,"event":"no-requirement"}
{"t":"2026-09-18T06:00:25.564Z","turn":1,"claimed":0,"entering":3,"picked":null,"pickedText":null,"event":"no-requirement"}
{"t":"2026-09-18T06:00:25.565Z","turn":1,"claimed":0,"entering":1,"picked":null,"pickedText":null,"event":"no-requirement"}
{"t":"2026-09-18T06:00:25.566Z","turn":1,"step":1,"claimed":1,"entering":2,"picked":"user","pickedText":"直接做：只回我一句「OK」，别改任何文件","event":"inject","level":1,"fastTrack":true,"noticeChars":245}
{"t":"2026-09-18T06:00:25.567Z","turn":1,"step":4,"claimed":0,"entering":1,"picked":null,"pickedText":null,"event":"no-requirement"}
